// Jest Snapshot v1, https://goo.gl/fbAQLP

exports[`Card component should render Card component 1`] = `
<div
  className="MuiPaper-root MuiCard-root card MuiPaper-elevation1 MuiPaper-rounded"
>
  <div
    className="MuiCardHeader-root"
  >
    <div
      className="MuiCardHeader-content"
    >
      <span
        className="MuiTypography-root MuiCardHeader-subheader MuiTypography-body1 MuiTypography-colorTextSecondary MuiTypography-displayBlock"
      >
        08.09.2021
      </span>
    </div>
  </div>
  <div
    className="card-cover"
  >
    <img
      alt="cover"
      loading="lazy"
      src="href"
    />
  </div>
  <div
    className="MuiCardContent-root"
  >
    <p
      className="MuiTypography-root MuiTypography-body2 MuiTypography-colorTextSecondary"
    >
      Description:
      <div
        dangerouslySetInnerHTML={
          Object {
            "__html": "description",
          }
        }
      />
    </p>
  </div>
  <div
    className="MuiCardContent-root"
  >
    <p
      className="MuiTypography-root MuiTypography-body2 MuiTypography-colorTextSecondary"
    >
      Tags: 
      tags
    </p>
  </div>
</div>
`;
